// Vitest Snapshot v1

exports[`Prettier Config > should export rules 1`] = `
{
  "$schema": "http://json.schemastore.org/prettierrc",
  "arrowParens": "avoid",
  "bracketSpacing": true,
  "endOfLine": "lf",
  "overrides": [
    {
      "files": ".all-contributorsrc",
      "options": {
        "parser": "json",
      },
    },
  ],
  "printWidth": 100,
  "quoteProps": "as-needed",
  "semi": false,
  "singleQuote": true,
  "trailingComma": "none",
  "useTabs": false,
}
`;
